--------------------------------------------------------------------------------------
Timing Analyzer Summary
--------------------------------------------------------------------------------------

Type           : Worst-case tsu
Slack          : N/A
Required Time  : None
Actual Time    : 6.263 ns
From           : rst
To             : sld_signaltap:auto_signaltap_0|sld_signaltap_impl:sld_signaltap_body|acq_trigger_in_reg[12]
From Clock     : --
To Clock       : mclk
Failed Paths   : 0

Type           : Worst-case tco
Slack          : N/A
Required Time  : None
Actual Time    : 22.266 ns
From           : lcd:inst1|data[0]~en
To             : data[7]
From Clock     : mclk
To Clock       : --
Failed Paths   : 0

Type           : Worst-case tpd
Slack          : N/A
Required Time  : None
Actual Time    : 3.026 ns
From           : altera_internal_jtag~TDO
To             : altera_reserved_tdo
From Clock     : --
To Clock       : --
Failed Paths   : 0

Type           : Worst-case th
Slack          : N/A
Required Time  : None
Actual Time    : 5.627 ns
From           : rst
To             : lcd:inst1|lcd_rs
From Clock     : --
To Clock       : mclk
Failed Paths   : 0

Type           : Clock Setup: 'mclk'
Slack          : N/A
Required Time  : None
Actual Time    : 57.62 MHz ( period = 17.354 ns )
From           : lcd:inst1|lcd_e
To             : sld_signaltap:auto_signaltap_0|sld_signaltap_impl:sld_signaltap_body|acq_trigger_in_reg[9]
From Clock     : mclk
To Clock       : mclk
Failed Paths   : 0

Type           : Clock Setup: 'altera_internal_jtag~TCKUTAP'
Slack          : N/A
Required Time  : None
Actual Time    : 107.37 MHz ( period = 9.314 ns )
From           : sld_hub:sld_hub_inst|sld_dffex:IRF_ENA|Q[0]
To             : sld_hub:sld_hub_inst|hub_tdo_reg
From Clock     : altera_internal_jtag~TCKUTAP
To Clock       : altera_internal_jtag~TCKUTAP
Failed Paths   : 0

Type           : Clock Hold: 'mclk'
Slack          : Not operational: Clock Skew > Data Delay
Required Time  : None
Actual Time    : N/A
From           : lcd:inst1|lcd_e
To             : lcd:inst1|lcd_e
From Clock     : mclk
To Clock       : mclk
Failed Paths   : 14

Type           : Total number of failed paths
Slack          : 
Required Time  : 
Actual Time    : 
From           : 
To             : 
From Clock     : 
To Clock       : 
Failed Paths   : 14

--------------------------------------------------------------------------------------

